<?xml version="1.0" encoding="utf-8"?><testsuites name="pytest tests"><testsuite name="pytest" errors="0" failures="0" skipped="0" tests="19" time="13.868" timestamp="2026-06-28T14:34:03.584762+05:30" hostname="Bejays-MacBook-Air.local"><testcase classname="tests.test_metamorphic" name="test_metamorphic_relationship[06-severity_lt-02]" time="13.840" /><testcase classname="tests.test_metamorphic" name="test_metamorphic_relationship[07-severity_lte-08]" time="0.001" /><testcase classname="tests.test_metamorphic" name="test_metamorphic_relationship[07-confidence_lt-02]" time="0.000" /><testcase classname="tests.test_metamorphic" name="test_metamorphic_relationship[08-severity_gte-07]" time="0.000" /><testcase classname="tests.test_metamorphic" name="test_metamorphic_relationship[09-severity_lte-03]" time="0.000" /><testcase classname="tests.test_regression" name="test_mean_severity_stable" time="0.005" /><testcase classname="tests.test_regression" name="test_high_severity_rate_stable" time="0.000" /><testcase classname="tests.test_regression" name="test_confidence_variance_meaningful" time="0.000" /><testcase classname="tests.test_regression" name="test_no_large_per_fixture_severity_drift" time="0.000" /><testcase classname="tests.test_semantic" name="test_severity_within_bounds" time="0.000" /><testcase classname="tests.test_semantic" name="test_confidence_within_bounds" time="0.000" /><testcase classname="tests.test_semantic" name="test_earnings_miss_severity_ceiling" time="0.000" /><testcase classname="tests.test_semantic" name="test_bankruptcy_severity_floor" time="0.000" /><testcase classname="tests.test_semantic" name="test_resolution_event_type_not_attack" time="0.000" /><testcase classname="tests.test_structural" name="test_output_has_required_keys" time="0.000" /><testcase classname="tests.test_structural" name="test_entity_is_nonempty_string" time="0.000" /><testcase classname="tests.test_structural" name="test_event_type_is_nonempty_string" time="0.000" /><testcase classname="tests.test_structural" name="test_severity_is_integer_in_range" time="0.000" /><testcase classname="tests.test_structural" name="test_confidence_is_float_in_range" time="0.000" /></testsuite></testsuites>